
> namas-architecture-backend@1.0.0 start
> node server.js

🔗 Attempting to connect to MongoDB...
📡 Connection string: mongodb+srv://***:***@namasbhutan.yu98vtk.mongodb.net/namas_architecture?retryWrites=true&w=majority&appName=NamasBhutan
Runtime configuration:
  PORT: 26053
  DATA_DIR: /workspace/server/persistent-data/data (internal)
  UPLOADS_DIR: /workspace/server/persistent-data/uploads (internal)
  ALLOWED_ORIGINS: [
  'https://www.namasbhutan.com',
  'https://namasbhutan.com',
  'http://localhost:3000'
]
📁 Loading data from files...
✅ Data loaded from files
(node:1530) [MONGOOSE] Warning: Duplicate schema index on {"slug":1} found. This is often due to declaring an index using both "index: true" and "schema.index()". Please remove the duplicate index definition.
(Use `node --trace-warnings ...` to show where the warning was created)
node:events:497
      throw er; // Unhandled 'error' event
      ^

Error: listen EADDRINUSE: address already in use 0.0.0.0:26053
    at Server.setupListenHandle [as _listen2] (node:net:1940:16)
    at listenInCluster (node:net:1997:12)
    at node:net:2206:7
    at process.processTicksAndRejections (node:internal/process/task_queues:90:21)
Emitted 'error' event on Server instance at:
    at emitErrorNT (node:net:1976:8)
    at process.processTicksAndRejections (node:internal/process/task_queues:90:21) {
  code: 'EADDRINUSE',
  errno: -98,
  syscall: 'listen',
  address: '0.0.0.0',
  port: 26053
}

Node.js v22.20.0
